// Jest Snapshot v1, https://goo.gl/fbAQLP

exports[`Test on <FirstApp /> should be match with the snapshot 1`] = `
<div>
  <h1
    data-testid="test-title"
  >
    Hola, soy Goku
  </h1>
  <p>
    Soy un subtitulo
  </p>
  <p>
    Soy un subtitulo
  </p>
  <p>
    Goku
  </p>
</div>
`;
