// Jest Snapshot v1, https://goo.gl/fbAQLP

exports[`Test on <GiftItem /> should match with the snapshot 1`] = `
<div>
  <div
    class="card"
  >
    <img
      alt="Imagen 1 - Saitama"
      src="https://one-punch.com/saitama.jpg"
    />
    <p>
      Saitama
    </p>
  </div>
</div>
`;
