// Jest Snapshot v1, https://goo.gl/fbAQLP

exports[`Tests on <AppRouter /> Should show auth page if it's not authenticated 1`] = `
<div
  aria-hidden="true"
>
  <div
    class="container login-container"
  >
    <div
      class="row"
    >
      <section
        class="col-md-6 login-form-1"
      >
        <h3>
          Iniciar Sesión
        </h3>
        <form>
          <div
            class="form-group mb-2"
          >
            <input
              class="form-control"
              name="loginEmail"
              placeholder="Correo"
              type="email"
              value=""
            />
          </div>
          <div
            class="form-group mb-2"
          >
            <input
              class="form-control"
              name="loginPassword"
              placeholder="Contraseña"
              type="password"
              value=""
            />
          </div>
          <div
            class="d-grid gap-2"
          >
            <button
              class="btnSubmit"
              type="submit"
            >
              Iniciar Sesión
            </button>
          </div>
        </form>
      </section>
      <section
        class="col-md-6 login-form-2"
      >
        <h3>
          Registrarse
        </h3>
        <form>
          <div
            class="form-group mb-2"
          >
            <input
              class="form-control"
              name="registerName"
              placeholder="Nombre"
              type="text"
              value=""
            />
          </div>
          <div
            class="form-group mb-2"
          >
            <input
              class="form-control"
              name="registerEmail"
              placeholder="Correo"
              type="email"
              value=""
            />
          </div>
          <div
            class="form-group mb-2"
          >
            <input
              class="form-control"
              name="registerPassword"
              placeholder="Contraseña"
              type="password"
              value=""
            />
          </div>
          <div
            class="form-group mb-2"
          >
            <input
              class="form-control"
              name="registerConfirmPassword"
              placeholder="Confirmar Contraseña"
              type="password"
              value=""
            />
          </div>
          <div
            class="d-grid gap-2"
          >
            <button
              class="btnSubmit"
              type="submit"
            >
              Registrarse
            </button>
          </div>
        </form>
      </section>
    </div>
  </div>
</div>
`;
